{
  "ip": 0,
  "fr": 60,
  "v": "5.1.20",
  "assets": [],
  "layers": [
    {
      "ty": 4,
      "nm": "Artboard",
      "ip": 0,
      "st": 0,
      "ind": 2,
      "hix": 1,
      "ks": {
        "o": {
          "a": 0,
          "k": 100
        },
        "or": {
          "a": 0,
          "k": [
            0,
            0,
            0
          ]
        },
        "a": {
          "a": 0,
          "k": [
            182,
            158.5,
            0
          ]
        },
        "p": {
          "s": true,
          "x": {
            "a": 0,
            "k": 194.3
          },
          "y": {
            "a": 0,
            "k": 177.6
          }
        },
        "rx": {
          "a": 0,
          "k": 0
        },
        "ry": {
          "a": 0,
          "k": 0
        },
        "rz": {
          "a": 0,
          "k": 0
        },
        "s": {
          "a": 0,
          "k": [
            100,
            100,
            100
          ]
        }
      },
      "shapes": [
        {
          "ty": "gr",
          "nm": "Artboard shape group",
          "it": [
            {
              "ty": "sh",
              "ks": {
                "a": 1,
                "k": [
                  {
                    "t": 0,
                    "s": [
                      {
                        "c": true,
                        "v": [
                          [
                            113.851902,
                            81.9487687
                          ],
                          [
                            276.284717,
                            98.7229697
                          ],
                          [
                            179.3246103703704,
                            219.45290287407408
                          ],
                          [
                            121.51167262962966,
                            289.38025769259264
                          ],
                          [
                            102.845904,
                            308.505034
                          ],
                          [
                            91.0595929,
                            185.062419
                          ],
                          [
                            150.796965,
                            132.016367
                          ]
                        ],
                        "i": [
                          [
                            -5.256493999999989,
                            24.3818373
                          ],
                          [
                            0,
                            0
                          ],
                          [
                            25.7955074074074,
                            -31.776214674074083
                          ],
                          [
                            12.74645107407406,
                            -14.842021862962952
                          ],
                          [
                            -0.3026053333333465,
                            2.0921710000000076
                          ],
                          [
                            8.765357300000005,
                            76.018564
                          ],
                          [
                            29.886536000000007,
                            8.996562000000011
                          ]
                        ],
                        "o": [
                          [
                            0,
                            0
                          ],
                          [
                            -38.84456366666666,
                            48.71040743333336
                          ],
                          [
                            -25.7955074074074,
                            31.776214674074083
                          ],
                          [
                            -12.746451074074088,
                            14.842021862962952
                          ],
                          [
                            0.9078169999999943,
                            -6.276512000000025
                          ],
                          [
                            69.71145109999999,
                            -26.367473000000018
                          ],
                          [
                            -29.886536000000007,
                            -8.996561
                          ]
                        ]
                      }
                    ],
                    "e": [
                      {
                        "c": true,
                        "v": [
                          [
                            73.1209598,
                            0.709340706
                          ],
                          [
                            84.7419418,
                            17.8744979
                          ],
                          [
                            149,
                            195
                          ],
                          [
                            92.4927984,
                            196.699674
                          ],
                          [
                            0.851316015,
                            195.13771
                          ],
                          [
                            19.1849709,
                            118.577353
                          ],
                          [
                            63.2812764,
                            17.8221784
                          ]
                        ],
                        "i": [
                          [
                            -1.0880236999999937,
                            0.0015082950000000483
                          ],
                          [
                            -6.0718815000000035,
                            -15.251175490000001
                          ],
                          [
                            2.939600000000013,
                            -2.0479679999999973
                          ],
                          [
                            28.25648960000001,
                            -0.026264999999995098
                          ],
                          [
                            2.096461335,
                            3.0247990000000016
                          ],
                          [
                            -13.6200775,
                            49.02370599999999
                          ],
                          [
                            -11.876297000000001,
                            29.825619500000002
                          ]
                        ],
                        "o": [
                          [
                            1.0894130000000075,
                            -0.0015102209999999783
                          ],
                          [
                            11.88099489999999,
                            29.8423375
                          ],
                          [
                            -2.939600000000013,
                            2.0479679999999973
                          ],
                          [
                            -28.256489700000003,
                            0.026266000000020995
                          ],
                          [
                            -1.3976408889999998,
                            -2.016532000000012
                          ],
                          [
                            12.7421982,
                            -47.91452290000001
                          ],
                          [
                            6.057791999999999,
                            -15.213277299999998
                          ]
                        ]
                      }
                    ],
                    "i": {
                      "x": [
                        0.515
                      ],
                      "y": [
                        0.955
                      ]
                    },
                    "o": {
                      "x": [
                        0.455
                      ],
                      "y": [
                        0.03
                      ]
                    }
                  },
                  {
                    "t": 30,
                    "s": [
                      {
                        "c": true,
                        "v": [
                          [
                            73.1209598,
                            0.709340706
                          ],
                          [
                            84.7419418,
                            17.8744979
                          ],
                          [
                            149,
                            195
                          ],
                          [
                            92.4927984,
                            196.699674
                          ],
                          [
                            0.851316015,
                            195.13771
                          ],
                          [
                            19.1849709,
                            118.577353
                          ],
                          [
                            63.2812764,
                            17.8221784
                          ]
                        ],
                        "i": [
                          [
                            -1.0880236999999937,
                            0.0015082950000000483
                          ],
                          [
                            -6.0718815000000035,
                            -15.251175490000001
                          ],
                          [
                            2.939600000000013,
                            -2.0479679999999973
                          ],
                          [
                            28.25648960000001,
                            -0.026264999999995098
                          ],
                          [
                            2.096461335,
                            3.0247990000000016
                          ],
                          [
                            -13.6200775,
                            49.02370599999999
                          ],
                          [
                            -11.876297000000001,
                            29.825619500000002
                          ]
                        ],
                        "o": [
                          [
                            1.0894130000000075,
                            -0.0015102209999999783
                          ],
                          [
                            11.88099489999999,
                            29.8423375
                          ],
                          [
                            -2.939600000000013,
                            2.0479679999999973
                          ],
                          [
                            -28.256489700000003,
                            0.026266000000020995
                          ],
                          [
                            -1.3976408889999998,
                            -2.016532000000012
                          ],
                          [
                            12.7421982,
                            -47.91452290000001
                          ],
                          [
                            6.057791999999999,
                            -15.213277299999998
                          ]
                        ]
                      }
                    ],
                    "e": [
                      {
                        "c": true,
                        "v": [
                          [
                            75,
                            0
                          ],
                          [
                            67.4023438,
                            86.1796875
                          ],
                          [
                            150,
                            75
                          ],
                          [
                            75,
                            150
                          ],
                          [
                            120.097656,
                            110.875
                          ],
                          [
                            0,
                            75
                          ],
                          [
                            45.609375,
                            58.7460938
                          ]
                        ],
                        "i": [
                          [
                            -17.565482699999997,
                            0
                          ],
                          [
                            -12.599875999999995,
                            -9.5904338
                          ],
                          [
                            0,
                            -24.3648635
                          ],
                          [
                            41.421356,
                            0
                          ],
                          [
                            10.302690000000013,
                            5.326499999999996
                          ],
                          [
                            0,
                            29.023279000000002
                          ],
                          [
                            -17.3594306,
                            13.736594800000006
                          ]
                        ],
                        "o": [
                          [
                            17.056492700000007,
                            0
                          ],
                          [
                            17.998674300000005,
                            13.6997456
                          ],
                          [
                            0,
                            41.421356
                          ],
                          [
                            -12.398077399999998,
                            0
                          ],
                          [
                            -24.118081399999994,
                            -12.469070200000004
                          ],
                          [
                            0,
                            -23.8558735
                          ],
                          [
                            12.782041999999997,
                            -10.114486899999996
                          ]
                        ]
                      }
                    ],
                    "i": {
                      "x": [
                        0.515
                      ],
                      "y": [
                        0.955
                      ]
                    },
                    "o": {
                      "x": [
                        0.455
                      ],
                      "y": [
                        0.03
                      ]
                    }
                  },
                  {
                    "t": 60
                  }
                ]
              }
            },
            {
              "ty": "st",
              "o": {
                "a": 0,
                "k": 100
              },
              "c": {
                "a": 0,
                "k": [
                  0.592156862745098,
                  0.592156862745098,
                  0.592156862745098,
                  1
                ]
              },
              "lc": 3,
              "lj": 1,
              "ml": 1,
              "w": {
                "a": 0,
                "k": 1
              }
            },
            {
              "ty": "fl",
              "o": {
                "a": 0,
                "k": 0
              },
              "c": {
                "a": 0,
                "k": [
                  0,
                  0,
                  0,
                  0
                ]
              },
              "r": 1
            },
            {
              "ty": "tr",
              "o": {
                "a": 0,
                "k": 100
              },
              "a": {
                "a": 0,
                "k": [
                  0,
                  0
                ]
              },
              "s": {
                "a": 0,
                "k": [
                  100,
                  100
                ]
              },
              "p": {
                "a": 0,
                "k": [
                  0,
                  0
                ]
              },
              "r": {
                "a": 0,
                "k": 0
              }
            }
          ]
        }
      ],
      "op": 60
    },
    {
      "ty": 4,
      "nm": "Combined Shape",
      "ip": 0,
      "st": 0,
      "ind": 1,
      "hix": 2,
      "ks": {
        "o": {
          "a": 0,
          "k": 100
        },
        "or": {
          "a": 0,
          "k": [
            0,
            0,
            0
          ]
        },
        "a": {
          "a": 0,
          "k": [
            203.5,
            280.5,
            0
          ]
        },
        "p": {
          "s": true,
          "x": {
            "a": 0,
            "k": 464
          },
          "y": {
            "a": 0,
            "k": 131.5
          }
        },
        "rx": {
          "a": 0,
          "k": 0
        },
        "ry": {
          "a": 0,
          "k": 0
        },
        "rz": {
          "a": 0,
          "k": 0
        },
        "s": {
          "a": 0,
          "k": [
            20.7,
            15
          ]
        }
      },
      "shapes": [],
      "op": 60
    }
  ],
  "op": 60,
  "w": 550,
  "h": 400
}