{
  "ip": 0,
  "fr": 60,
  "v": "5.1.20",
  "assets": [
    {
      "id": "precomp_1",
      "layers": [
        {
          "ty": 4,
          "nm": "Rectangle",
          "ip": 0,
          "st": 0,
          "ind": 1,
          "hix": 2,
          "ks": {
            "o": {
              "a": 0,
              "k": 100
            },
            "or": {
              "a": 0,
              "k": [
                0,
                0,
                0
              ]
            },
            "a": {
              "a": 0,
              "k": [
                30.5,
                30.5,
                0
              ]
            },
            "p": {
              "s": true,
              "x": {
                "a": 0,
                "k": 65
              },
              "y": {
                "a": 0,
                "k": 89
              }
            },
            "rx": {
              "a": 0,
              "k": 0
            },
            "ry": {
              "a": 0,
              "k": 0
            },
            "rz": {
              "a": 0,
              "k": 0
            },
            "s": {
              "a": 0,
              "k": [
                100,
                100,
                100
              ]
            }
          },
          "shapes": [
            {
              "ty": "gr",
              "nm": "Rectangle shape group",
              "it": [
                {
                  "ty": "rc",
                  "s": {
                    "a": 0,
                    "k": [
                      61,
                      61
                    ]
                  },
                  "r": {
                    "a": 0,
                    "k": 0
                  },
                  "p": {
                    "a": 0,
                    "k": [
                      30.5,
                      30.5
                    ]
                  }
                },
                {
                  "ty": "st",
                  "o": {
                    "a": 0,
                    "k": 0
                  },
                  "w": {
                    "a": 0,
                    "k": 0
                  },
                  "c": {
                    "a": 0,
                    "k": [
                      0,
                      0,
                      0,
                      0
                    ]
                  },
                  "lc": 3,
                  "lj": 1,
                  "ml": 1
                },
                {
                  "ty": "fl",
                  "o": {
                    "a": 0,
                    "k": 100
                  },
                  "r": 2,
                  "c": {
                    "a": 0,
                    "k": [
                      0,
                      0,
                      0,
                      1
                    ]
                  }
                },
                {
                  "ty": "tr",
                  "o": {
                    "a": 0,
                    "k": 100
                  },
                  "a": {
                    "a": 0,
                    "k": [
                      0,
                      0
                    ]
                  },
                  "s": {
                    "a": 0,
                    "k": [
                      100,
                      100
                    ]
                  },
                  "p": {
                    "a": 0,
                    "k": [
                      -34,
                      -58.5
                    ]
                  },
                  "r": {
                    "a": 0,
                    "k": 0
                  }
                }
              ]
            }
          ],
          "op": 1
        }
      ]
    },
    {
      "id": "precomp_2",
      "layers": [
        {
          "ty": 4,
          "nm": "Rectangle",
          "ip": 0,
          "st": 0,
          "ind": 1,
          "hix": 4,
          "ks": {
            "o": {
              "a": 0,
              "k": 100
            },
            "or": {
              "a": 0,
              "k": [
                0,
                0,
                0
              ]
            },
            "a": {
              "a": 0,
              "k": [
                30.5,
                30.5,
                0
              ]
            },
            "p": {
              "s": true,
              "x": {
                "a": 0,
                "k": 65
              },
              "y": {
                "a": 0,
                "k": 89
              }
            },
            "rx": {
              "a": 0,
              "k": 0
            },
            "ry": {
              "a": 0,
              "k": 0
            },
            "rz": {
              "a": 0,
              "k": 0
            },
            "s": {
              "a": 0,
              "k": [
                100,
                100,
                100
              ]
            }
          },
          "shapes": [
            {
              "ty": "gr",
              "nm": "Rectangle shape group",
              "it": [
                {
                  "ty": "rc",
                  "s": {
                    "a": 0,
                    "k": [
                      61,
                      61
                    ]
                  },
                  "r": {
                    "a": 0,
                    "k": 0
                  },
                  "p": {
                    "a": 0,
                    "k": [
                      30.5,
                      30.5
                    ]
                  }
                },
                {
                  "ty": "st",
                  "o": {
                    "a": 0,
                    "k": 0
                  },
                  "w": {
                    "a": 0,
                    "k": 0
                  },
                  "c": {
                    "a": 0,
                    "k": [
                      0,
                      0,
                      0,
                      0
                    ]
                  },
                  "lc": 3,
                  "lj": 1,
                  "ml": 1
                },
                {
                  "ty": "fl",
                  "o": {
                    "a": 0,
                    "k": 100
                  },
                  "r": 2,
                  "c": {
                    "a": 0,
                    "k": [
                      0,
                      0,
                      0,
                      1
                    ]
                  }
                },
                {
                  "ty": "tr",
                  "o": {
                    "a": 0,
                    "k": 100
                  },
                  "a": {
                    "a": 0,
                    "k": [
                      0,
                      0
                    ]
                  },
                  "s": {
                    "a": 0,
                    "k": [
                      100,
                      100
                    ]
                  },
                  "p": {
                    "a": 0,
                    "k": [
                      -34,
                      -58.5
                    ]
                  },
                  "r": {
                    "a": 0,
                    "k": 0
                  }
                }
              ]
            }
          ],
          "op": 1
        }
      ]
    }
  ],
  "layers": [
    {
      "ty": 0,
      "nm": "instance:precomp_1",
      "refId": "precomp_1",
      "ind": 2,
      "ip": 0,
      "st": 0,
      "hix": 1,
      "ks": {
        "o": {
          "a": 0,
          "k": 100
        },
        "or": {
          "a": 0,
          "k": [
            0,
            0,
            0
          ]
        },
        "a": {
          "a": 0,
          "k": [
            30.75,
            147.25,
            0
          ]
        },
        "p": {
          "s": true,
          "x": {
            "a": 0,
            "k": 428.25
          },
          "y": {
            "a": 0,
            "k": 200
          }
        },
        "rx": {
          "a": 0,
          "k": 0
        },
        "ry": {
          "a": 0,
          "k": 0
        },
        "rz": {
          "a": 0,
          "k": 0
        },
        "s": {
          "a": 0,
          "k": [
            100,
            100,
            100
          ]
        }
      },
      "w": 62,
      "h": 295,
      "op": 1
    },
    {
      "ty": 0,
      "nm": "instance:precomp_2",
      "refId": "precomp_2",
      "ind": 1,
      "ip": 0,
      "st": 0,
      "hix": 3,
      "ks": {
        "o": {
          "a": 0,
          "k": 100
        },
        "or": {
          "a": 0,
          "k": [
            0,
            0,
            0
          ]
        },
        "a": {
          "a": 0,
          "k": [
            30.75,
            147.25,
            0
          ]
        },
        "p": {
          "s": true,
          "x": {
            "a": 0,
            "k": 134.75
          },
          "y": {
            "a": 0,
            "k": 200
          }
        },
        "rx": {
          "a": 0,
          "k": 0
        },
        "ry": {
          "a": 0,
          "k": 0
        },
        "rz": {
          "a": 0,
          "k": 0
        },
        "s": {
          "a": 0,
          "k": [
            100,
            100,
            100
          ]
        }
      },
      "w": 62,
      "h": 295,
      "op": 1
    }
  ],
  "op": 1,
  "w": 550,
  "h": 400
}