{
  "ip": 0,
  "fr": 60,
  "v": "5.1.20",
  "assets": [],
  "layers": [
    {
      "ty": 4,
      "nm": "curlicue",
      "ip": 0,
      "st": 0,
      "ind": 1,
      "hix": 1,
      "ks": {
        "o": {
          "a": 0,
          "k": 100
        },
        "or": {
          "a": 0,
          "k": [
            0,
            0,
            0
          ]
        },
        "a": {
          "a": 0,
          "k": [
            303.5,
            165.5,
            0
          ]
        },
        "p": {
          "s": true,
          "x": {
            "a": 0,
            "k": 275
          },
          "y": {
            "a": 0,
            "k": 200
          }
        },
        "rx": {
          "a": 0,
          "k": 0
        },
        "ry": {
          "a": 0,
          "k": 0
        },
        "rz": {
          "a": 0,
          "k": 0
        },
        "s": {
          "a": 0,
          "k": [
            81.2,
            81.2
          ]
        }
      },
      "shapes": [
        {
          "ty": "gr",
          "nm": "curlicue shape group",
          "it": [
            {
              "ty": "sh",
              "ks": {
                "a": 0,
                "k": {
                  "c": false,
                  "v": [
                    [
                      10.744779,
                      319.737648
                    ],
                    [
                      388.506758,
                      138.086149
                    ],
                    [
                      175.763073,
                      138.086149
                    ],
                    [
                      596.23359,
                      319.737648
                    ]
                  ],
                  "i": [
                    [
                      0,
                      0
                    ],
                    [
                      0,
                      167.568975
                    ],
                    [
                      0,
                      -170.51916020000002
                    ],
                    [
                      -170.76500900000008,
                      0
                    ]
                  ],
                  "o": [
                    [
                      178.693631,
                      0
                    ],
                    [
                      0,
                      -167.5689752
                    ],
                    [
                      0,
                      170.51915999999997
                    ],
                    [
                      0,
                      0
                    ]
                  ]
                }
              }
            },
            {
              "ty": "st",
              "o": {
                "a": 0,
                "k": 100
              },
              "c": {
                "a": 0,
                "k": [
                  0.0392156862745098,
                  0.4980392156862745,
                  0.8823529411764706,
                  1
                ]
              },
              "lc": 2,
              "lj": 1,
              "ml": 1,
              "w": {
                "a": 0,
                "k": 21
              },
              "d": [
                {
                  "n": "d",
                  "v": {
                    "a": 0,
                    "k": 1400
                  },
                  "nm": "0"
                },
                {
                  "n": "g",
                  "v": {
                    "a": 0,
                    "k": 1400
                  },
                  "nm": "1"
                },
                {
                  "n": "o",
                  "v": {
                    "a": 1,
                    "k": [
                      {
                        "t": 0,
                        "s": [
                          1400
                        ],
                        "e": [
                          0
                        ],
                        "i": {
                          "x": [
                            0.515
                          ],
                          "y": [
                            0.955
                          ]
                        },
                        "o": {
                          "x": [
                            0.455
                          ],
                          "y": [
                            0.03
                          ]
                        }
                      },
                      {
                        "t": 34
                      }
                    ]
                  },
                  "nm": "2"
                }
              ]
            },
            {
              "ty": "fl",
              "o": {
                "a": 0,
                "k": 0
              },
              "c": {
                "a": 0,
                "k": [
                  0,
                  0,
                  0,
                  0
                ]
              },
              "r": 1
            },
            {
              "ty": "tr",
              "o": {
                "a": 0,
                "k": 100
              },
              "a": {
                "a": 0,
                "k": [
                  0,
                  0
                ]
              },
              "s": {
                "a": 0,
                "k": [
                  100,
                  100
                ]
              },
              "p": {
                "a": 0,
                "k": [
                  0,
                  0
                ]
              },
              "r": {
                "a": 0,
                "k": 0
              }
            }
          ]
        }
      ],
      "op": 34
    }
  ],
  "op": 34,
  "w": 550,
  "h": 400
}