{
  "metadata": {
    "version": "0.0.0",
    "username": "sasha@haiku.ai",
    "organization": "SashaDotCom",
    "project": "moar",
    "branch": "master",
    "folder": "/Users/sashajoseph/.haiku/projects/SashaDotCom/moar",
    "uuid": "HAIKU_SHARE_UUID",
    "root": "HAIKU_CDN_PROJECT_ROOT",
    "core": "4.3.10",
    "title": "Main",
    "type": "haiku",
    "relpath": "code/main/code.js"
  },
  "options": {},
  "states": {},
  "timelines": {
    "Default": {
      "haiku:Div-2257829f025e48be": {
        "origin.x": {
          "0": {
            "value": 0
          }
        },
        "origin.y": {
          "0": {
            "value": 0
          }
        },
        "style.pointerEvents": {
          "0": {
            "value": "none"
          }
        },
        "translation.x": {
          "0": {
            "value": -34
          }
        },
        "translation.y": {
          "0": {
            "value": -58.5
          }
        }
      },
      "haiku:Main-03757d2ca1026e0a": {
        "style.WebkitTapHighlightColor": {
          "0": {
            "value": "rgba(0,0,0,0)"
          }
        },
        "style.position": {
          "0": {
            "value": "relative"
          }
        },
        "style.overflowX": {
          "0": {
            "value": "hidden"
          }
        },
        "style.overflowY": {
          "0": {
            "value": "hidden"
          }
        },
        "sizeAbsolute.x": {
          "0": {
            "value": 550
          }
        },
        "sizeAbsolute.y": {
          "0": {
            "value": 400
          }
        },
        "sizeMode.x": {
          "0": {
            "value": 1
          }
        },
        "sizeMode.y": {
          "0": {
            "value": 1
          }
        },
        "sizeMode.z": {
          "0": {
            "value": 1
          }
        }
      },
      "haiku:Page-1-0b754a5f1fbba4a9": {
        "stroke": {
          "0": {
            "value": "none"
          }
        },
        "strokeWidth": {
          "0": {
            "value": 1
          }
        },
        "fill": {
          "0": {
            "value": "none"
          }
        },
        "fillRule": {
          "0": {
            "value": "evenodd"
          }
        }
      },
      "haiku:Rectangle-0c730bb320e68464": {
        "fill": {
          "0": {
            "value": "#000000"
          }
        },
        "x": {
          "0": {
            "value": 0
          }
        },
        "y": {
          "0": {
            "value": 0
          }
        },
        "width": {
          "0": {
            "value": 61
          }
        },
        "height": {
          "0": {
            "value": 61
          }
        }
      },
      "haiku:Group-1-9b92c02591859374": {
        "origin.y": {
          "0": {
            "value": 0.5
          }
        },
        "sizeAbsolute.x": {
          "0": {
            "value": 61.5
          }
        },
        "rotation.z": {
          "0": {
            "value": 0
          }
        },
        "style.position": {
          "0": {
            "value": "absolute"
          }
        },
        "style.margin": {
          "0": {
            "value": "0"
          }
        },
        "style.padding": {
          "0": {
            "value": "0"
          }
        },
        "style.border": {
          "0": {
            "value": "0"
          }
        },
        "origin.x": {
          "0": {
            "value": 0.5
          }
        },
        "sizeMode.x": {
          "0": {
            "value": 1
          }
        },
        "sizeAbsolute.y": {
          "0": {
            "value": 294.5
          }
        },
        "sizeMode.y": {
          "0": {
            "value": 1
          }
        },
        "translation.x": {
          "0": {
            "value": 134.75
          }
        },
        "translation.y": {
          "0": {
            "value": 200
          }
        },
        "style.zIndex": {
          "0": {
            "value": 1
          }
        }
      },
      "haiku:Rectangle-234933407b68cf47": {
        "style.margin": {
          "0": {
            "value": "0"
          }
        },
        "sizeMode.x": {
          "0": {
            "value": 1
          }
        },
        "style.padding": {
          "0": {
            "value": "0"
          }
        },
        "style.border": {
          "0": {
            "value": "0"
          }
        },
        "sizeAbsolute.x": {
          "0": {
            "value": 61
          }
        },
        "style.position": {
          "0": {
            "value": "absolute"
          }
        },
        "sizeAbsolute.y": {
          "0": {
            "value": 61
          }
        },
        "sizeMode.y": {
          "0": {
            "value": 1
          }
        },
        "translation.x": {
          "0": {
            "value": 65
          }
        },
        "translation.y": {
          "0": {
            "value": 89
          }
        },
        "style.zIndex": {
          "0": {
            "value": 1
          }
        }
      },
      "haiku:Group-1-9b92c02591859374-ae9046": {
        "origin.y": {
          "0": {
            "value": 0.5
          }
        },
        "sizeAbsolute.x": {
          "0": {
            "value": 61.5
          }
        },
        "rotation.z": {
          "0": {
            "value": 0
          }
        },
        "style.position": {
          "0": {
            "value": "absolute"
          }
        },
        "style.margin": {
          "0": {
            "value": "0"
          }
        },
        "style.padding": {
          "0": {
            "value": "0"
          }
        },
        "style.border": {
          "0": {
            "value": "0"
          }
        },
        "origin.x": {
          "0": {
            "value": 0.5
          }
        },
        "sizeMode.x": {
          "0": {
            "value": 1
          }
        },
        "sizeAbsolute.y": {
          "0": {
            "value": 294.5
          }
        },
        "sizeMode.y": {
          "0": {
            "value": 1
          }
        },
        "translation.x": {
          "0": {
            "value": 428.25
          }
        },
        "translation.y": {
          "0": {
            "value": 200
          }
        },
        "style.zIndex": {
          "0": {
            "value": 2
          }
        }
      },
      "haiku:Div-2257829f025e48be-ae9046": {
        "origin.x": {
          "0": {
            "value": 0
          }
        },
        "origin.y": {
          "0": {
            "value": 0
          }
        },
        "style.pointerEvents": {
          "0": {
            "value": "none"
          }
        },
        "translation.x": {
          "0": {
            "value": -34
          }
        },
        "translation.y": {
          "0": {
            "value": -58.5
          }
        }
      },
      "haiku:Rectangle-234933407b68cf47-ae9046": {
        "style.margin": {
          "0": {
            "value": "0"
          }
        },
        "sizeMode.x": {
          "0": {
            "value": 1
          }
        },
        "style.padding": {
          "0": {
            "value": "0"
          }
        },
        "style.border": {
          "0": {
            "value": "0"
          }
        },
        "sizeAbsolute.x": {
          "0": {
            "value": 61
          }
        },
        "style.position": {
          "0": {
            "value": "absolute"
          }
        },
        "sizeAbsolute.y": {
          "0": {
            "value": 61
          }
        },
        "sizeMode.y": {
          "0": {
            "value": 1
          }
        },
        "translation.x": {
          "0": {
            "value": 65
          }
        },
        "translation.y": {
          "0": {
            "value": 89
          }
        },
        "style.zIndex": {
          "0": {
            "value": 1
          }
        }
      },
      "haiku:Page-1-0b754a5f1fbba4a9-ae9046": {
        "stroke": {
          "0": {
            "value": "none"
          }
        },
        "strokeWidth": {
          "0": {
            "value": 1
          }
        },
        "fill": {
          "0": {
            "value": "none"
          }
        },
        "fillRule": {
          "0": {
            "value": "evenodd"
          }
        }
      },
      "haiku:Rectangle-0c730bb320e68464-ae9046": {
        "fill": {
          "0": {
            "value": "#000000"
          }
        },
        "x": {
          "0": {
            "value": 0
          }
        },
        "y": {
          "0": {
            "value": 0
          }
        },
        "width": {
          "0": {
            "value": 61
          }
        },
        "height": {
          "0": {
            "value": 61
          }
        }
      }
    }
  },
  "template": {
    "elementName": "div",
    "attributes": {
      "haiku-id": "Main-03757d2ca1026e0a",
      "haiku-title": "Main"
    },
    "children": [
      {
        "elementName": "div",
        "attributes": {
          "haiku-id": "Group-1-9b92c02591859374-ae9046",
          "haiku-title": "Group 1",
          "haiku-source": "<group>"
        },
        "children": [
          {
            "elementName": "div",
            "attributes": {
              "haiku-id": "Div-2257829f025e48be-ae9046"
            },
            "children": [
              {
                "elementName": "svg",
                "attributes": {
                  "version": "1.1",
                  "xmlns": "http://www.w3.org/2000/svg",
                  "xmlns:xlink": "http://www.w3.org/1999/xlink",
                  "haiku-id": "Rectangle-234933407b68cf47-ae9046",
                  "haiku-title": "Rectangle",
                  "haiku-source": "designs/moar.sketch.contents/slices/Rectangle.svg"
                },
                "children": [
                  {
                    "elementName": "g",
                    "attributes": {
                      "haiku-id": "Page-1-0b754a5f1fbba4a9-ae9046",
                      "haiku-title": "Page-1",
                      "id": "Page-1-ae9046"
                    },
                    "children": [
                      {
                        "elementName": "rect",
                        "attributes": {
                          "haiku-id": "Rectangle-0c730bb320e68464-ae9046",
                          "haiku-title": "Rectangle",
                          "id": "Rectangle-ae9046"
                        },
                        "children": []
                      }
                    ]
                  }
                ]
              }
            ]
          }
        ]
      },
      {
        "elementName": "div",
        "attributes": {
          "haiku-id": "Group-1-9b92c02591859374",
          "haiku-title": "Group 1",
          "haiku-source": "<group>"
        },
        "children": [
          {
            "elementName": "div",
            "attributes": {
              "haiku-id": "Div-2257829f025e48be"
            },
            "children": [
              {
                "elementName": "svg",
                "attributes": {
                  "version": "1.1",
                  "xmlns": "http://www.w3.org/2000/svg",
                  "xmlns:xlink": "http://www.w3.org/1999/xlink",
                  "haiku-id": "Rectangle-234933407b68cf47",
                  "haiku-title": "Rectangle",
                  "haiku-source": "designs/moar.sketch.contents/slices/Rectangle.svg"
                },
                "children": [
                  {
                    "elementName": "g",
                    "attributes": {
                      "haiku-id": "Page-1-0b754a5f1fbba4a9",
                      "id": "Page-1"
                    },
                    "children": [
                      {
                        "elementName": "rect",
                        "attributes": {
                          "haiku-id": "Rectangle-0c730bb320e68464",
                          "id": "Rectangle"
                        },
                        "children": []
                      }
                    ]
                  }
                ]
              }
            ]
          }
        ]
      }
    ]
  }
}