{
  "metadata": {
    "uuid": "e87c9cc2-bd1c-4b52-9505-f5d9b703e54f",
    "version": "0.0.5",
    "organization": "colinjames",
    "project": "ShortcutOnboarding",
    "branch": "master",
    "folder": "/Users/crhoads/.haiku/projects/colinjames/ShortcutOnboarding",
    "username": "colin.rhoads@gmail.com",
    "root": "https://cdn.haiku.ai/4e57fa76-37f3-4fc1-8f9d-4925e76230f7/8a8ff11d0fd3da70ca7da50c98591b0b7f382deb/",
    "core": "4.1.1",
    "title": "Main",
    "type": "haiku",
    "relpath": "code/main/code.js"
  },
  "options": {},
  "states": {},
  "timelines": {
    "Default": {
      "haiku:Shape-6-6aa10dbcb6048f15": {
        "d": {
          "0": {
            "value": "M27.74,0 L27.74,6.1 C30.1700973,6.09466353 32.5020555,7.05833927 34.2194592,8.77761992 C35.9368629,10.4969006 36.8979909,12.82991 36.89,15.26 L36.89,42 C36.7477915,47.3987794 32.3990562,51.7387205 27,51.87 L0.27,51.87 L0.27,58 L27,58 C36.4,58 43,51.39 43,42 C43,35.74 43.05,26.46 43,15.31 C43,5 36.47,0 27.74,0 Z"
          }
        }
      },
      "haiku:Main-03757d2ca1026e0a": {
        "style.WebkitTapHighlightColor": {
          "0": {
            "value": "rgba(0,0,0,0)"
          }
        },
        "style.position": {
          "0": {
            "value": "relative"
          }
        },
        "style.overflowX": {
          "0": {
            "value": "hidden"
          }
        },
        "style.overflowY": {
          "0": {
            "value": "hidden"
          }
        },
        "sizeAbsolute.x": {
          "0": {
            "value": 550
          }
        },
        "sizeAbsolute.y": {
          "0": {
            "value": 400
          }
        },
        "sizeMode.x": {
          "0": {
            "value": 1
          }
        },
        "sizeMode.y": {
          "0": {
            "value": 1
          }
        },
        "sizeMode.z": {
          "0": {
            "value": 1
          }
        }
      },
      "haiku:Page-1-d215ef998c6cf96c": {
        "stroke": {
          "0": {
            "value": "none"
          }
        },
        "strokeWidth": {
          "0": {
            "value": 1
          }
        },
        "fill": {
          "0": {
            "value": "none"
          }
        },
        "fillRule": {
          "0": {
            "value": "evenodd"
          }
        }
      },
      "haiku:Asset-1sc_logo-c11ded8d0c331ea3": {
        "fillRule": {
          "0": {
            "value": "nonzero"
          }
        }
      },
      "haiku:Layer_3-23d23dae6247af2a": {
        "fill": {
          "0": {
            "value": "#1B1464"
          }
        }
      },
      "haiku:Oval-3c5e07523b110173": {
        "cx": {
          "0": {
            "value": 50
          }
        },
        "cy": {
          "0": {
            "value": 50
          }
        },
        "r": {
          "0": {
            "value": 50
          }
        }
      },
      "haiku:Layer_4-35553c7d67b9e84b": {
        "fill": {
          "0": {
            "value": "#FFFFFF"
          }
        },
        "opacity": {
          "0": {
            "value": 0.2
          }
        },
        "translation.x": {
          "0": {
            "value": 21
          }
        },
        "translation.y": {
          "0": {
            "value": 21
          }
        }
      },
      "haiku:Shape-ceba35b61933394a": {
        "d": {
          "0": {
            "value": "M6.12,42 L6.12,16 C6.26624314,10.6018356 10.6021423,6.25715924 16,6.1 C32,6.44 40.46,6.1 41.94,6.1 C42.02,6.1 42.3,0.92 41.94,7.10542736e-15 L16,7.10542736e-15 C7.23492952,0.170243385 0.170243385,7.23492952 -1.0658141e-14,16 L-1.0658141e-14,42 C0.05,50.67 6.12,47.4 6.12,42 Z"
          }
        }
      },
      "haiku:Layer_5-4f678133a7fe3dec": {
        "fill": {
          "0": {
            "value": "#097AFF"
          }
        },
        "translation.x": {
          "0": {
            "value": 21
          }
        },
        "translation.y": {
          "0": {
            "value": 48
          }
        }
      },
      "haiku:Shape-2-a3040c3dc0cd5888": {
        "d": {
          "0": {
            "value": "M0,15 C0,23.78 6.5,31 15.26,31 C21.1,31 21.1,29 15.26,24.9 C10.02,24.9 5.99,20.9 6.11,14.98 L6.11,14.84 C6.59223982,10.1500456 10.5453197,6.5857932 15.26,6.59 L15.26,0.49 C6.51,0.46 0,6.18 0,15 Z"
          }
        }
      },
      "haiku:Layer_6-b9da259c93664679": {
        "fill": {
          "0": {
            "value": "#00D719"
          }
        },
        "translation.x": {
          "0": {
            "value": 21
          }
        },
        "translation.y": {
          "0": {
            "value": 48
          }
        }
      },
      "haiku:Shape-3-03b21e20dd34059e": {
        "d": {
          "0": {
            "value": "M15.27,0.46 C6.43,0.46 0,6.18 0,15 L6.11,15 C6.21,10.46 10.78,6.61 15.26,6.61 L15.27,0.46 Z"
          }
        }
      },
      "haiku:Layer_7-15638d0b426a2682": {
        "fill": {
          "0": {
            "value": "#FF3C67"
          }
        },
        "translation.x": {
          "0": {
            "value": 48
          }
        },
        "translation.y": {
          "0": {
            "value": 21
          }
        }
      },
      "haiku:Shape-4-86f95fea376e6500": {
        "d": {
          "0": {
            "value": "M0.48,15.26 L6.58,15.26 C6.59099975,10.2056349 10.6856349,6.11099975 15.74,6.1 L15.74,0 C6.77,0 0.48,5.44 0.48,15.26 Z"
          }
        }
      },
      "haiku:Layer_8-540e62b42646f538": {
        "fill": {
          "0": {
            "value": "#FCE302"
          }
        },
        "translation.x": {
          "0": {
            "value": 36
          }
        },
        "translation.y": {
          "0": {
            "value": 36
          }
        }
      },
      "haiku:Shape-5-630a1bb25683d900": {
        "d": {
          "0": {
            "value": "M0.27,18.56 C11.1,18.56 18.58,10.71 18.58,0.26 L12.48,0.26 C12.4525645,6.9903767 7.00039692,12.438079 0.27,12.46 L0.27,18.56 Z"
          }
        }
      },
      "haiku:Layer_9-3022c9f2a8bb7659": {
        "fill": {
          "0": {
            "value": "#FFFFFF"
          }
        },
        "translation.x": {
          "0": {
            "value": 36
          }
        },
        "translation.y": {
          "0": {
            "value": 21
          }
        }
      },
      "haiku:Asset-1sc-Logo-f51419f950b5758d": {
        "sizeMode.y": {
          "0": {
            "value": 1
          }
        },
        "style.position": {
          "0": {
            "value": "absolute"
          }
        },
        "style.padding": {
          "0": {
            "value": "0"
          }
        },
        "style.border": {
          "0": {
            "value": "0"
          }
        },
        "sizeAbsolute.x": {
          "0": {
            "value": 100
          }
        },
        "sizeMode.x": {
          "0": {
            "value": 1
          }
        },
        "sizeAbsolute.y": {
          "0": {
            "value": 100
          }
        },
        "style.margin": {
          "0": {
            "value": "0"
          }
        },
        "translation.x": {
          "0": {
            "value": 272.5
          }
        },
        "translation.y": {
          "0": {
            "value": 184,
            "edited": true,
            "curve": "easeInSine"
          },
          "1667": {
            "value": 200,
            "edited": true
          }
        },
        "style.zIndex": {
          "0": {
            "value": 1
          }
        },
        "opacity": {
          "0": {
            "value": 0.8,
            "edited": true,
            "curve": "easeInSine"
          },
          "1667": {
            "value": 1,
            "edited": true
          }
        },
        "scale.x": {
          "0": {
            "value": 0.9,
            "curve": "easeInSine",
            "edited": true
          },
          "1667": {
            "value": 1,
            "edited": true
          }
        },
        "scale.y": {
          "0": {
            "value": 0.9,
            "edited": true,
            "curve": "easeInSine"
          },
          "1667": {
            "value": 1,
            "edited": true
          }
        },
        "translation.z": {
          "0": {
            "value": 0
          }
        }
      },
      "haiku:Asset-1cm-Logo-fb1e6bf93805a50d": {
        "sizeMode.y": {
          "0": {
            "value": 1
          }
        },
        "style.position": {
          "0": {
            "value": "absolute"
          }
        },
        "style.padding": {
          "0": {
            "value": "0"
          }
        },
        "style.border": {
          "0": {
            "value": "0"
          }
        },
        "sizeAbsolute.x": {
          "0": {
            "value": 100
          }
        },
        "sizeMode.x": {
          "0": {
            "value": 1
          }
        },
        "sizeAbsolute.y": {
          "0": {
            "value": 100
          }
        },
        "style.margin": {
          "0": {
            "value": "0"
          }
        },
        "translation.x": {
          "0": {
            "value": 272,
            "edited": true,
            "curve": "easeInQuad"
          },
          "1667": {
            "value": 272,
            "curve": "easeOutQuad",
            "edited": true
          },
          "3333": {
            "value": 272
          }
        },
        "translation.y": {
          "0": {
            "value": 200,
            "edited": true,
            "curve": "easeInSine"
          },
          "1667": {
            "value": 84,
            "edited": true,
            "curve": "easeOutSine"
          },
          "3333": {
            "value": 184,
            "edited": true
          }
        },
        "style.zIndex": {
          "0": {
            "value": 2,
            "edited": true
          },
          "1667": {
            "value": 0,
            "edited": true
          }
        },
        "opacity": {
          "0": {
            "value": 1,
            "edited": true,
            "curve": "easeInQuad"
          },
          "1667": {
            "value": 0.8,
            "edited": true
          }
        },
        "scale.x": {
          "0": {
            "value": 1,
            "edited": true,
            "curve": "easeInSine"
          },
          "3333": {
            "value": 0.9,
            "edited": true
          }
        },
        "scale.y": {
          "0": {
            "value": 1,
            "edited": true,
            "curve": "easeInSine"
          },
          "3333": {
            "value": 0.9,
            "edited": true
          }
        },
        "translation.z": {
          "0": {
            "value": 0,
            "edited": true
          },
          "3333": {
            "value": -10,
            "edited": true
          }
        }
      },
      "haiku:linearGradient-1-2887a4-73fd822d5687bff9": {
        "x1": {
          "0": {
            "value": "76.1450777%"
          }
        },
        "y1": {
          "0": {
            "value": "82.5112108%"
          }
        },
        "x2": {
          "0": {
            "value": "-7.66839378%"
          }
        },
        "y2": {
          "0": {
            "value": "23.5901617%"
          }
        }
      },
      "haiku:Stop-51d4d315fa7a817c": {
        "stopColor": {
          "0": {
            "value": "#000000"
          }
        },
        "stopOpacity": {
          "0": {
            "value": 0
          }
        },
        "offset": {
          "0": {
            "value": "0%"
          }
        }
      },
      "haiku:Stop-ff12a3fd1c8ea08d": {
        "stopColor": {
          "0": {
            "value": "#000000"
          }
        },
        "stopOpacity": {
          "0": {
            "value": 0.2
          }
        },
        "offset": {
          "0": {
            "value": "100%"
          }
        }
      },
      "haiku:Page-1-4a1f27d217048aa6": {
        "stroke": {
          "0": {
            "value": "none"
          }
        },
        "strokeWidth": {
          "0": {
            "value": 1
          }
        },
        "fill": {
          "0": {
            "value": "none"
          }
        },
        "fillRule": {
          "0": {
            "value": "evenodd"
          }
        }
      },
      "haiku:Asset-1cm_logo-673fe1acd5d15a17": {
        "fillRule": {
          "0": {
            "value": "nonzero"
          }
        }
      },
      "haiku:Blue_Circle-41a412711662c031": {
        "fill": {
          "0": {
            "value": "#2B9AF4"
          }
        }
      },
      "haiku:Oval-47749754e00bb896": {
        "cx": {
          "0": {
            "value": 50
          }
        },
        "cy": {
          "0": {
            "value": 50
          }
        },
        "r": {
          "0": {
            "value": 50
          }
        }
      },
      "haiku:Shaddow-4ff915c57fc051cd": {
        "fill": {
          "0": {
            "value": "url(#linearGradient-1-2887a4)"
          }
        },
        "translation.x": {
          "0": {
            "value": 50
          }
        },
        "translation.y": {
          "0": {
            "value": 23
          }
        }
      },
      "haiku:Shape-be4f1dd82bad822f": {
        "d": {
          "0": {
            "value": "M0.41,55.84 L11.66,67.09 L18.17,73.59 C33.4539761,67.6235825 44.8450468,54.5475749 48.66,38.59 L44.38,34.42 L10,0 L0.86,9.14"
          }
        }
      },
      "haiku:Pin-c0b9a17cdde7ee32": {
        "fill": {
          "0": {
            "value": "#D1E9F8"
          }
        },
        "translation.x": {
          "0": {
            "value": 32
          }
        },
        "translation.y": {
          "0": {
            "value": 20
          }
        }
      },
      "haiku:Shape-250da204ca8d357b": {
        "d": {
          "0": {
            "value": "M18.37,0.56 C8.53380861,0.56 0.56,8.53380861 0.56,18.37 C0.56,31.78 15.56,38.78 17.31,57.93 C17.3629301,58.4730185 17.819408,58.8871652 18.365,58.8871652 C18.910592,58.8871652 19.3670699,58.4730185 19.42,57.93 C21.19,38.78 36.17,31.78 36.17,18.37 C36.1726531,13.6474141 34.2984727,9.117345 30.9600376,5.77703433 C27.6216024,2.43672366 23.0925866,0.559999255 18.37,0.56 Z",
            "edited": true
          },
          "317": {
            "value": "M18.37,0.56 C8.53380861,0.56 0.56,8.53380861 0.56,18.37 C0.56,31.78 15.56,38.78 17.31,57.93 C17.3629301,58.4730185 17.819408,58.8871652 18.365,58.8871652 C18.910592,58.8871652 19.3670699,58.4730185 19.42,57.93 C21.19,38.78 36.17,31.78 36.17,18.37 C36.1726531,13.6474141 34.2984727,9.117345 30.9600376,5.77703433 C27.6216024,2.43672366 23.0925866,0.559999255 18.37,0.56 Z",
            "edited": true
          }
        }
      },
      "haiku:Pin_hole-998bdd325e3c9baf": {
        "fill": {
          "0": {
            "value": "#2C92E4"
          }
        },
        "translation.x": {
          "0": {
            "value": 44
          }
        },
        "translation.y": {
          "0": {
            "value": 32
          }
        }
      },
      "haiku:Oval-40cceeeae37a64b8": {
        "cx": {
          "0": {
            "value": 6.37
          }
        },
        "cy": {
          "0": {
            "value": 6.37
          }
        },
        "r": {
          "0": {
            "value": 6.23
          }
        }
      },
      "haiku:Edge_highlight-82d4a399f87dc7ae": {
        "fill": {
          "0": {
            "value": "#FFFFFF"
          }
        },
        "fillOpacity": {
          "0": {
            "value": 0.2
          }
        },
        "translation.x": {
          "0": {
            "value": 32
          }
        },
        "translation.y": {
          "0": {
            "value": 20
          }
        }
      },
      "haiku:Shape-634357fb7a640ae3": {
        "d": {
          "0": {
            "value": "M18.37,1 C28.1000209,0.998961962 36.0278762,8.81101709 36.17,18.54 L36.17,18.36 C36.3231465,11.8982898 32.9634257,5.86079159 27.3915502,2.58491677 C21.8196747,-0.69095804 14.9103253,-0.69095804 9.33844983,2.58491677 C3.76657434,5.86079159 0.406853536,11.8982898 0.56,18.36 C0.56,18.42 0.56,18.48 0.56,18.54 C0.702178624,8.80712217 8.63608592,0.993493085 18.37,1 Z"
          }
        }
      }
    }
  },
  "template": {
    "elementName": "div",
    "attributes": {
      "haiku-id": "Main-03757d2ca1026e0a",
      "haiku-title": "Main"
    },
    "children": [
      {
        "elementName": "svg",
        "attributes": {
          "version": "1.1",
          "xmlns": "http://www.w3.org/2000/svg",
          "xmlns:xlink": "http://www.w3.org/1999/xlink",
          "haiku-id": "Asset-1cm-Logo-fb1e6bf93805a50d",
          "haiku-title": "Asset 1cm_logo",
          "haiku-source": "designs/ShortcutOnboarding.sketch.contents/slices/Asset 1cm_logo.svg"
        },
        "children": [
          {
            "elementName": "defs",
            "attributes": {
              "haiku-id": "Defs-ffdefa47bedcb32d"
            },
            "children": [
              {
                "elementName": "linearGradient",
                "attributes": {
                  "haiku-id": "linearGradient-1-2887a4-73fd822d5687bff9",
                  "id": "linearGradient-1-2887a4"
                },
                "children": [
                  {
                    "elementName": "stop",
                    "attributes": {
                      "haiku-id": "Stop-51d4d315fa7a817c"
                    },
                    "children": []
                  },
                  {
                    "elementName": "stop",
                    "attributes": {
                      "haiku-id": "Stop-ff12a3fd1c8ea08d"
                    },
                    "children": []
                  }
                ]
              }
            ]
          },
          {
            "elementName": "g",
            "attributes": {
              "haiku-id": "Page-1-4a1f27d217048aa6",
              "id": "Page-1"
            },
            "children": [
              {
                "elementName": "g",
                "attributes": {
                  "haiku-id": "Asset-1cm_logo-673fe1acd5d15a17",
                  "id": "Asset-1cm_logo"
                },
                "children": [
                  {
                    "elementName": "g",
                    "attributes": {
                      "haiku-id": "Blue_Circle-41a412711662c031",
                      "id": "Blue_Circle"
                    },
                    "children": [
                      {
                        "elementName": "circle",
                        "attributes": {
                          "haiku-id": "Oval-47749754e00bb896",
                          "id": "Oval"
                        },
                        "children": []
                      }
                    ]
                  },
                  {
                    "elementName": "g",
                    "attributes": {
                      "haiku-id": "Shaddow-4ff915c57fc051cd",
                      "id": "Shaddow"
                    },
                    "children": [
                      {
                        "elementName": "path",
                        "attributes": {
                          "haiku-id": "Shape-be4f1dd82bad822f",
                          "id": "Shape"
                        },
                        "children": []
                      }
                    ]
                  },
                  {
                    "elementName": "g",
                    "attributes": {
                      "haiku-id": "Pin-c0b9a17cdde7ee32",
                      "id": "Pin"
                    },
                    "children": [
                      {
                        "elementName": "path",
                        "attributes": {
                          "haiku-id": "Shape-250da204ca8d357b",
                          "id": "Shape"
                        },
                        "children": []
                      }
                    ]
                  },
                  {
                    "elementName": "g",
                    "attributes": {
                      "haiku-id": "Pin_hole-998bdd325e3c9baf",
                      "id": "Pin_hole"
                    },
                    "children": [
                      {
                        "elementName": "circle",
                        "attributes": {
                          "haiku-id": "Oval-40cceeeae37a64b8",
                          "id": "Oval"
                        },
                        "children": []
                      }
                    ]
                  },
                  {
                    "elementName": "g",
                    "attributes": {
                      "haiku-id": "Edge_highlight-82d4a399f87dc7ae",
                      "id": "Edge_highlight"
                    },
                    "children": [
                      {
                        "elementName": "path",
                        "attributes": {
                          "haiku-id": "Shape-634357fb7a640ae3",
                          "id": "Shape"
                        },
                        "children": []
                      }
                    ]
                  }
                ]
              }
            ]
          }
        ]
      },
      {
        "elementName": "svg",
        "attributes": {
          "version": "1.1",
          "xmlns": "http://www.w3.org/2000/svg",
          "xmlns:xlink": "http://www.w3.org/1999/xlink",
          "haiku-id": "Asset-1sc-Logo-f51419f950b5758d",
          "haiku-title": "Asset 1sc_logo",
          "haiku-source": "designs/ShortcutOnboarding.sketch.contents/slices/Asset 1sc_logo.svg"
        },
        "children": [
          {
            "elementName": "g",
            "attributes": {
              "haiku-id": "Page-1-d215ef998c6cf96c",
              "id": "Page-1"
            },
            "children": [
              {
                "elementName": "g",
                "attributes": {
                  "haiku-id": "Asset-1sc_logo-c11ded8d0c331ea3",
                  "id": "Asset-1sc_logo"
                },
                "children": [
                  {
                    "elementName": "g",
                    "attributes": {
                      "haiku-id": "Layer_3-23d23dae6247af2a",
                      "id": "Layer_3"
                    },
                    "children": [
                      {
                        "elementName": "circle",
                        "attributes": {
                          "haiku-id": "Oval-3c5e07523b110173",
                          "id": "Oval"
                        },
                        "children": []
                      }
                    ]
                  },
                  {
                    "elementName": "g",
                    "attributes": {
                      "haiku-id": "Layer_4-35553c7d67b9e84b",
                      "id": "Layer_4"
                    },
                    "children": [
                      {
                        "elementName": "path",
                        "attributes": {
                          "haiku-id": "Shape-ceba35b61933394a",
                          "id": "Shape"
                        },
                        "children": []
                      }
                    ]
                  },
                  {
                    "elementName": "g",
                    "attributes": {
                      "haiku-id": "Layer_5-4f678133a7fe3dec",
                      "id": "Layer_5"
                    },
                    "children": [
                      {
                        "elementName": "path",
                        "attributes": {
                          "haiku-id": "Shape-2-a3040c3dc0cd5888",
                          "id": "Shape-2"
                        },
                        "children": []
                      }
                    ]
                  },
                  {
                    "elementName": "g",
                    "attributes": {
                      "haiku-id": "Layer_6-b9da259c93664679",
                      "id": "Layer_6"
                    },
                    "children": [
                      {
                        "elementName": "path",
                        "attributes": {
                          "haiku-id": "Shape-3-03b21e20dd34059e",
                          "id": "Shape-3"
                        },
                        "children": []
                      }
                    ]
                  },
                  {
                    "elementName": "g",
                    "attributes": {
                      "haiku-id": "Layer_7-15638d0b426a2682",
                      "id": "Layer_7"
                    },
                    "children": [
                      {
                        "elementName": "path",
                        "attributes": {
                          "haiku-id": "Shape-4-86f95fea376e6500",
                          "id": "Shape-4"
                        },
                        "children": []
                      }
                    ]
                  },
                  {
                    "elementName": "g",
                    "attributes": {
                      "haiku-id": "Layer_8-540e62b42646f538",
                      "id": "Layer_8"
                    },
                    "children": [
                      {
                        "elementName": "path",
                        "attributes": {
                          "haiku-id": "Shape-5-630a1bb25683d900",
                          "id": "Shape-5"
                        },
                        "children": []
                      }
                    ]
                  },
                  {
                    "elementName": "g",
                    "attributes": {
                      "haiku-id": "Layer_9-3022c9f2a8bb7659",
                      "id": "Layer_9"
                    },
                    "children": [
                      {
                        "elementName": "path",
                        "attributes": {
                          "haiku-id": "Shape-6-6aa10dbcb6048f15",
                          "id": "Shape-6"
                        },
                        "children": []
                      }
                    ]
                  }
                ]
              }
            ]
          }
        ]
      }
    ]
  }
}